==============================================
 PHASE 2 PASS 2
 SAFE PANEL INTEGRATION
==============================================

START:
2026-09-04T14:47:55+00:00

========== BACKUP ==========

========== RESTORE CHECK ==========
Restoring:
/root/3245/phase2-control-plane-backup-20260904-144634

========== CONTROL MODULE ==========

========== SAFE PATCH ==========
SAFE_HOOK_FOUND

========== COMPILE ==========
COMPILE_OK

========== APP TEST ==========
CONTROL_ROUTES_OK

========== RESTART PANEL ==========
active

========== HTTP TEST ==========
  % Total    % Received % Xferd  Average Speed  Time    Time    Time   Current
                                 Dload  Upload  Total   Spent   Left   Speed
  0      0   0      0   0      0      0      0                              0  0     10   0      0   0      0      0      0                              0  0     10   0      0   0      0      0      0                              0  0     10   0      0   0      0      0      0                              0
HTTP/1.1 302 Found
Content-Type: text/plain; charset=utf-8
Location: /login
Content-Length: 10
Date: Fri, 04 Sep 2026 14:47:59 GMT
Server: Python/3.14 aiohttp/3.14.3


========== GIT SYNC ==========
