================================================
 PHASE 3 PASS 4
 PRODUCTION OBSERVATION + ADAPTIVE THROUGHPUT
================================================

========== [1/10] PRECHECK ==========
PRECHECK_OK

========== [2/10] BACKUP ==========
BACKUP_OK

========== [3/10] INSTALL ADAPTIVE WORKER ==========
ADAPTIVE_WORKER_INSTALLED

========== [4/10] COMPILE ==========
COMPILE_OK

========== [5/10] IMPORT TEST ==========
IMPORT_OK
RESOURCE= {'cpu_count': 4, 'load1': 3.458, 'load5': 3.3, 'load15': 3.266, 'load_ratio': 0.864, 'mem_available_pct': 76.51}
POLICY= {'workers': 1, 'batch': 2, 'idle': 30}

========== [6/10] RESTART SERVICE ==========
CHECK_1 ACTIVE=active
SERVICE_ACTIVE

========== [7/10] OBSERVATION ==========
OBSERVE_1 MODE= STATE=stopped COMPLETED=0
OBSERVE_2 MODE=adaptive STATE=running COMPLETED=0
OBSERVE_3 MODE=adaptive STATE=running COMPLETED=0
OBSERVE_4 MODE=adaptive STATE=running COMPLETED=0
OBSERVE_5 MODE=adaptive STATE=running COMPLETED=0
OBSERVE_6 MODE=adaptive STATE=running COMPLETED=0
OBSERVE_7 MODE=adaptive STATE=running COMPLETED=0
OBSERVE_8 MODE=adaptive STATE=running COMPLETED=0
OBSERVE_9 MODE=adaptive STATE=running COMPLETED=0
OBSERVE_10 MODE=adaptive STATE=running COMPLETED=0
OBSERVE_11 MODE=adaptive STATE=running COMPLETED=0
OBSERVE_12 MODE=adaptive STATE=running COMPLETED=0
OBSERVE_13 MODE=adaptive STATE=running COMPLETED=0
OBSERVE_14 MODE=adaptive STATE=running COMPLETED=0
OBSERVE_15 MODE=adaptive STATE=running COMPLETED=0
OBSERVE_16 MODE=adaptive STATE=running COMPLETED=0
OBSERVE_17 MODE=adaptive STATE=running COMPLETED=0
OBSERVE_18 MODE=adaptive STATE=running COMPLETED=0
OBSERVE_19 MODE=adaptive STATE=running COMPLETED=0
OBSERVE_20 MODE=adaptive STATE=running COMPLETED=0
OBSERVE_21 MODE=adaptive STATE=running COMPLETED=0
OBSERVE_22 MODE=adaptive STATE=running COMPLETED=0
OBSERVE_23 MODE=adaptive STATE=running COMPLETED=0
OBSERVE_24 MODE=adaptive STATE=running COMPLETED=0
OBSERVE_25 MODE=adaptive STATE=running COMPLETED=0
OBSERVE_26 MODE=adaptive STATE=running COMPLETED=0
OBSERVE_27 MODE=adaptive STATE=running COMPLETED=0
OBSERVE_28 MODE=adaptive STATE=running COMPLETED=0
OBSERVE_29 MODE=adaptive STATE=running COMPLETED=0
OBSERVE_30 MODE=adaptive STATE=running COMPLETED=0
OBSERVE_31 MODE=adaptive STATE=running COMPLETED=0
OBSERVE_32 MODE=adaptive STATE=running COMPLETED=0
OBSERVE_33 MODE=adaptive STATE=running COMPLETED=0
OBSERVE_34 MODE=adaptive STATE=running COMPLETED=0
OBSERVE_35 MODE=adaptive STATE=running COMPLETED=0
OBSERVE_36 MODE=adaptive STATE=running COMPLETED=0
OBSERVE_37 MODE=adaptive STATE=running COMPLETED=0
OBSERVE_38 MODE=adaptive STATE=running COMPLETED=0
OBSERVE_39 MODE=adaptive STATE=idle COMPLETED=2
ADAPTIVE_CYCLE_OBSERVED

========== [8/10] SAVE OBSERVATION ==========
OBSERVATION_VALID
CYCLE= 6
RETEST_MINUTES= 5
DUE_TOTAL= 1177
ADAPTIVE_WORKERS= 1
ADAPTIVE_BATCH= 2
ADAPTIVE_IDLE_SECONDS= 30
CYCLE_COMPLETED= 2
CYCLE_HEALTHY= 1
CYCLE_UNHEALTHY= 1
TOTAL_TESTS= 15
TOTAL_HEALTHY= 8
TOTAL_UNHEALTHY= 7
TOTAL_ERRORS= 0
AVERAGE_TEST_SECONDS= 2.752
CURRENT_THROUGHPUT_PER_HOUR= 174.45
OVERALL_HEALTHY_RATE_PCT= 53.33
RESOURCE= {'cpu_count': 4, 'load1': 3.458, 'load5': 3.3, 'load15': 3.266, 'load_ratio': 0.864, 'mem_available_pct': 76.32}

========== [9/10] SERVICE HEALTH ==========
active
enabled
SERVICE_HEALTH_OK

========== [10/10] FINAL ==========
ADAPTIVE_MODE=YES
CONCURRENCY_RANGE=1..3
BATCH_RANGE=2..9
RESOURCE_AWARE=YES
BACKLOG_AWARE=YES
CANONICAL_BATCH_RUNNER=YES
CANONICAL_HEALTH_STORE=YES
CENTRAL_SETTINGS_INTERVAL=YES
MANUAL_DELETE=NO
PANEL_MODIFIED=NO

PHASE3_PASS4_SUCCESS
