================================================
 CONFIG LOCATION PHASE 2
 CONTROL PLANE API
================================================

START:
2026-09-04T14:46:34+00:00

HOST:
serverprojects.ptr.network

========== BACKUP ==========

========== DETECT PANEL ==========
SERVER:
/opt/config-location/app/panel/server.py

========== CREATE CONTROL MODULE ==========

========== PATCH PANEL ==========

========== TEST ==========
  File "/opt/config-location/app/panel/server.py", line 5292
    return app
    ^^^^^^^^^^
SyntaxError: 'return' outside function
ERROR: compile failed
COMPILE_OK

========== RESTART PANEL ==========
activating
ERROR: panel inactive

========== API TEST ==========
  % Total    % Received % Xferd  Average Speed  Time    Time    Time   Current
                                 Dload  Upload  Total   Spent   Left   Speed
  0      0   0      0   0      0      0      0                              0
curl: (7) Failed to connect to 127.0.0.1 port 4040 after 0 ms: Could not connect to server
ERROR: control api failed

========== GIT SYNC ==========
[main 9e8adf1] Phase execution phase2-control-plane 20260904-144634
 3 files changed, 85 insertions(+)
 create mode 100644 executions/2026-09-04/phase2-control-plane-20260904-144634.log
 create mode 100644 reports/phase2-control-plane-20260904-144634.txt
To github-project-log:rezajafari0970/Project-log.git
   17bdfa0..9e8adf1  main -> main

================================================
 PHASE 2 COMPLETE
================================================

RESULT:
FAILED

LOG:
/root/project-log/executions/2026-09-04/phase2-control-plane-20260904-144634.log

REPORT:
/root/project-log/reports/phase2-control-plane-20260904-144634.txt
