================================================
 PHASE 1 PASS 9
 SAFE RENDERER RECOVERY
================================================
START=2026-09-04T15:21:09+00:00
HOST=serverprojects.ptr.network

========== PRECHECK ==========
PRECHECK_OK

========== BACKUP CURRENT ==========
CURRENT_BACKUP_OK

========== FIND PASS8 BACKUP ==========
PASS8_BACKUP=/root/3245/phase1-pass8-settings-renderer-fix-backup-20260904-151518
SAFE_UI=/root/3245/phase1-pass8-settings-renderer-fix-backup-20260904-151518/settings_ui.py.before

========== RESTORE SETTINGS_UI ==========
SETTINGS_UI_RESTORED

========== COMPILE RESTORED FILE ==========
RESTORED_COMPILE_OK

========== CREATE SHARED RENDERER ==========
SHARED_RENDERER_READY

========== SAFE IMPORT PATCH ==========
IMPORT_INSERTED_AT_LINE=2

========== VERIFY IMPORT ==========
2:from app.panel.page_renderer import page
678:    return page(

========== COMPILE AFTER PATCH ==========
COMPILE_OK

========== IMPORT TEST ==========
IMPORT_TEST_OK

========== RENDERER TEST ==========
RENDERER_TEST_OK

========== SETTINGS ENGINE TEST ==========
SETTINGS_ENGINE_OK
REVISION= 2

========== RESTART PANEL ==========
CHECK_1 ACTIVE=active LISTENING=0
CHECK_2 ACTIVE=active LISTENING=1
PANEL_READY

========== PORT 4040 TEST ==========
LISTEN 0      128          0.0.0.0:4040      0.0.0.0:*    users:(("python",pid=1534231,fd=6))                                                                                                 
PORT_4040_OK

========== UNAUTH SETTINGS TEST ==========
SETTINGS_HTTP=302
UNAUTH_SETTINGS_OK

========== CURRENT FATAL CHECK ==========
NO_CURRENT_FATAL_ERRORS

========== FINAL HASHES ==========
b52b258a52dd095c275c781f354282df947ac24c178c4cc9f3ccf3136582d32b  /opt/config-location/app/panel/server.py
7af5434b23888d04eefb1cea3481751b1670c4030af7405f42272374f2b42667  /opt/config-location/app/panel/settings_ui.py
e72d1882b636cff2d7d596f6ce3e6cc7d7763821d35ea26218412a13e9504859  /opt/config-location/app/panel/page_renderer.py

PHASE1_PASS9_SUCCESS

========== FINAL ==========
RESULT=SUCCESS
END=2026-09-04T15:21:12+00:00
