================================================
 PHASE 4 PASS 7
 PERMANENT CANARY READINESS CONTROLLER
================================================

========== [1/10] PRECHECK ==========
PRECHECK_OK

========== [2/10] BACKUP ==========
BACKUP_OK

========== [3/10] STATE ==========
STATE_READY

========== [4/10] INSTALL CONTROLLER ==========
CONTROLLER_INSTALLED

========== [5/10] STATIC SAFETY ==========
AST_CONTROLLER_GUARD_OK
COMPILE_IMPORT_OK

========== [6/10] SYSTEMD ==========
Created symlink '/etc/systemd/system/multi-user.target.wants/config-location-canary-readiness.service' → '/etc/systemd/system/config-location-canary-readiness.service'.
SYSTEMD_READY

========== [7/10] FIRST CYCLE ==========
CHECK_1 ACTIVE=active CYCLE=0 STATE=
CHECK_2 ACTIVE=active CYCLE=1 STATE=WAITING_NO_CANDIDATE
FIRST_CYCLE_OK

========== [8/10] STATUS ==========
STATUS_VALID
STATE = WAITING_NO_CANDIDATE
CYCLE = 1
CYCLE_SECONDS = 30
TOTAL_CYCLES = 1
TOTAL_WAITING = 1
TOTAL_BLOCKED = 0
TOTAL_CANARY_READY = 0
TOTAL_ERRORS = 0
PRODUCTION_DELETE= False
DELETE_PERFORMED= False
GATES= {"candidate_freshness": true, "exclusive_lock": true, "post_plan_freshness": true}

========== [9/10] SERVICES ==========
active
active
active
enabled
SERVICE_HEALTH_OK

========== [10/10] FINAL ==========
PERMANENT_CANARY_CONTROLLER=ACTIVE
BOOT_ENABLED=YES
WAITING_STATE_SUPPORTED=YES
BLOCKED_STATE_SUPPORTED=YES
CANARY_READY_STATE_SUPPORTED=YES
FAIL_CLOSED=YES
UNEXPECTED_STATE_BLOCKED=YES
EXCEPTION_BLOCKED=YES
PRODUCTION_DELETE=DISABLED
DELETE_FUNCTION=NONE
DELETE_PERFORMED=NO

PHASE4_PASS7_SUCCESS
