=================================================
CONFIG LOCATION EXECUTION LOG
=================================================

PHASE:
phase1-pass2

START:
2026-09-04T14:30:02+00:00

HOST:
serverprojects.ptr.network

COMMAND:
bash /root/fix-phase1.sh 

=================================================
OUTPUT
=================================================
bash: /root/fix-phase1.sh: No such file or directory

=================================================
RESULT
=================================================
EXIT_CODE:
127

END:
2026-09-04T14:30:02+00:00

GIT STATUS:
?? executions/2026-09-04/phase1-pass2-20260904-143002.log
