================================================
 PHASE 4 PASS 6
 CANARY EXECUTION HARNESS + FAIL-CLOSED GATES
================================================

========== [1/10] PRECHECK ==========
PRECHECK_OK

========== [2/10] BACKUP ==========
BACKUP_OK

========== [3/10] INSTALL HARNESS ==========
HARNESS_INSTALLED

========== [4/10] STATIC GUARD ==========
AST_FAILCLOSED_GUARD_OK
NO_DESTRUCTIVE_PRIMITIVES=YES

========== [5/10] COMPILE + IMPORT ==========
HARNESS_IMPORT_OK
STATE= WAITING_NO_CANDIDATE

========== [6/10] EXECUTE HARNESS ==========
{
  "state": "WAITING_NO_CANDIDATE",
  "production_delete": false,
  "delete_performed": false,
  "gates": {
    "exclusive_lock": true,
    "candidate_freshness": true,
    "post_plan_freshness": true
  }
}

========== [7/10] VALIDATE ==========
FAIL_CLOSED_CONTRACT_VALID
STATE= WAITING_NO_CANDIDATE
EXPECTED_WAITING_STATE=YES

========== [8/10] SERVICES ==========
active
active
SERVICE_RESTART=NONE

========== [9/10] NO DELETE ==========
PRODUCTION_DELETE=DISABLED
DELETE_API_CALLED=NO
CONFIG_DELETE=NO
HEALTH_DELETE=NO
COUNTRY_DELETE=NO

========== [10/10] FINAL ==========
CANARY_EXECUTION_HARNESS=READY
FAIL_CLOSED_GATES=READY
EXCLUSIVE_LOCK=READY
FRESHNESS_CHECK=READY
BACKUP_HASH_CHECK=READY
ROLLBACK_CONTRACT_CHECK=READY
PRODUCTION_DELETE=DISABLED
DELETE_PERFORMED=NO

PHASE4_PASS6_SUCCESS
