==============================================
 PHASE 1 PASS 3
 SETTINGS UI STABILIZATION
==============================================

START:
2026-09-04T14:56:22+00:00
========== BACKUP ==========
========== CREATE UI RENDERER ==========
========== PATCH SETTINGS UI ==========
========== COMPILE ==========
  File "app/panel/settings_ui.py", line 677
    return web.Response(text=render_page(
                       ^
SyntaxError: '(' was never closed
ERROR: compile failed
COMPILE_OK
========== IMPORT TEST ==========
Traceback (most recent call last):
  File "<string>", line 2, in <module>
    from app.panel.settings_ui import settings_page
  File "/opt/config-location/app/panel/settings_ui.py", line 677
    return web.Response(text=render_page(
                       ^
SyntaxError: '(' was never closed
ERROR: import failed
========== PANEL RESTART ==========
activating
ERROR: panel inactive
========== HTTP TEST ==========
  % Total    % Received % Xferd  Average Speed  Time    Time    Time   Current
                                 Dload  Upload  Total   Spent   Left   Speed
  0      0   0      0   0      0      0      0                              0
curl: (7) Failed to connect to 127.0.0.1 port 4040 after 7 ms: Could not connect to server
ERROR: settings route failed
========== GIT SYNC ==========
