================================================
 CONFIG LOCATION
 PHASE 2 FINAL REGRESSION
================================================

START=2026-09-04T22:00:07+00:00
HOST=serverprojects.ptr.network

========== [1/13] PRECHECK ==========
PRECHECK_OK

========== [2/13] BACKUP ==========
BACKUP_OK

========== [3/13] PERMISSIONS ==========
POLICY=root:root 640 /etc/config-location/control-policy.json
TOKEN=root:root 640 /etc/config-location/control-token
PERMISSIONS_OK

========== [4/13] POLICY VALIDATION ==========
POLICY_JSON_OK
allowed_services = ['config-location-panel.service']
allowed_actions = ['status', 'restart', 'system']

========== [5/13] TOKEN VALIDATION ==========
TOKEN_FORMAT_OK
TOKEN_LENGTH= 64

========== [6/13] PYTHON COMPILE ==========
CONTROL_COMPILE_OK

========== [7/13] IMPORT ==========
CONTROL_IMPORT_OK

========== [8/13] SECURITY ==========
CONTROL_SECURITY_OK

========== [9/13] EXECUTOR STATUS ==========
SERVICE_STATUS_RESULT= {'service': 'config-location-panel.service', 'state': 'active'}
EXECUTOR_STATUS_OK

========== [10/13] AUDIT ==========
Traceback (most recent call last):
  File "<stdin>", line 3, in <module>
  File "/opt/config-location/app/control/audit.py", line 24, in audit
    LOG_DIR /
    ~~~~~~~~~
    datetime.utcnow()
    ~~~~~~~~~~~~~~~~~
    .strftime("%Y-%m-%d")
    ~~~~~~~~~~~~~~~~~~~~~
    + ".log"
    ^~~~~~~~
TypeError: unsupported operand type(s) for +: 'PosixPath' and 'str'

==============================================
 FINAL RESULT
==============================================
RESULT=FAILED
END=2026-09-04T22:00:08+00:00
