==============================================
 CONFIG LOCATION PHASE 1 PASS 2
==============================================

START:
2026-09-04T14:41:42+00:00

HOST:
serverprojects.ptr.network

RESOURCE BEFORE
Filesystem      Size  Used Avail Use% Mounted on
/dev/vda2       118G   42G   71G  37% /
               total        used        free      shared  buff/cache   available
Mem:           7.8Gi       1.9Gi       1.4Gi       4.6Mi       4.8Gi       5.9Gi
Swap:             0B          0B          0B
 14:41:42 up  9:30,  1 user,  load average: 5.16, 5.07, 4.82

========== BACKUP ==========

========== FIX RUNTIME DIRECTORY ==========

========== TMPFILES ==========

========== PERMISSION TEST ==========
LOCK_CREATE_OK
LOCK_REMOVE_OK

========== SETTINGS TEST ==========
SETTINGS_LOCK_TEST_OK

========== SETTINGS FILE ==========
SETTINGS_FILE_OK
Traceback (most recent call last):
  File "<stdin>", line 2, in <module>
ModuleNotFoundError: No module named 'app'
