================================================
 PHASE 3 PASS 5
 RESOURCE GUARDIAN + TELEMETRY CLEANUP
================================================

========== [1/10] PRECHECK ==========
PRECHECK_OK

========== [2/10] BACKUP ==========
BACKUP_OK

========== [3/10] RESOURCE GUARDIAN SETTINGS ==========
{}

========== [4/10] PATCH WORKER ==========
WORKER_PATCH_OK

========== [5/10] COMPILE + IMPORT ==========
COMPILE_IMPORT_OK
GUARDIAN= {'cpu_warning_pct': 75.0, 'cpu_critical_pct': 90.0, 'ram_warning_pct': 80.0, 'ram_critical_pct': 95.0}
RESOURCE= {'cpu_count': 4, 'load1': 4.329, 'load5': 3.627, 'load15': 3.397, 'load_ratio': 1.082, 'mem_available_pct': 76.44}
POLICY= {'workers': 1, 'batch': 2, 'idle': 30, 'level': 'critical', 'reason': 'resource_guardian_critical', 'guardian': {'cpu_warning_pct': 75.0, 'cpu_critical_pct': 90.0, 'ram_warning_pct': 80.0, 'ram_critical_pct': 95.0}, 'cpu_pressure_pct': 108.2, 'ram_used_pct': 23.56}

========== [6/10] RESTART ==========
CHECK_1=active
SERVICE_ACTIVE

========== [7/10] OBSERVE ==========
OBSERVE_1 VALID=0
OBSERVE_2 VALID=1
GUARDIAN_TELEMETRY_OBSERVED

========== [8/10] TELEMETRY ==========
TELEMETRY_VALID
STATE= running
CYCLE= 11
RETEST_MINUTES= 5
DUE_TOTAL= 1175
ADAPTIVE_WORKERS= 1
ADAPTIVE_BATCH= 3
ADAPTIVE_IDLE_SECONDS= 15
RESOURCE_LEVEL= warning
ADAPTIVE_REASON= resource_guardian_warning
CPU_PRESSURE_PCT= 88.7
RAM_USED_PCT= 25.25
TOTAL_TESTS= 23
TOTAL_HEALTHY= 12
TOTAL_UNHEALTHY= 11
TOTAL_ERRORS= 0
RESOURCE_GUARDIAN= {'cpu_warning_pct': 75.0, 'cpu_critical_pct': 90.0, 'ram_warning_pct': 80.0, 'ram_critical_pct': 95.0}
RESOURCE= {'cpu_count': 4, 'load1': 3.547, 'load5': 3.503, 'load15': 3.362, 'load_ratio': 0.887, 'mem_available_pct': 74.75}
STALE_STOPPED_AT= None

========== [9/10] SERVICE HEALTH ==========
active
enabled
SERVICE_HEALTH_OK

========== [10/10] FINAL ==========
RESOURCE_GUARDIAN_SOURCE=CENTRAL_SETTINGS
CPU_THRESHOLDS_DYNAMIC=YES
RAM_THRESHOLDS_DYNAMIC=YES
ADAPTIVE_WORKERS=1..3
ADAPTIVE_BATCH=2..9
STALE_TELEMETRY_CLEANUP=YES
POLICY_REASON_TELEMETRY=YES
CANONICAL_BATCH_RUNNER=YES
CANONICAL_HEALTH_STORE=YES
SERVICE_ACTIVE=YES
SERVICE_ENABLED=YES

PHASE3_PASS5_SUCCESS
