================================================
 PHASE 2 PASS 4
 AUDIT FIX + FINAL REGRESSION RERUN
================================================
START=2026-09-04T22:01:53+00:00
HOST=serverprojects.ptr.network

========== [1/9] PRECHECK ==========
PRECHECK_OK

========== [2/9] BACKUP ==========
2dc4d0f9e26854013cb2c6698fd1bb6403889043e7da903fc1be8bb1db9e6878  /opt/config-location/app/control/audit.py
BACKUP_OK

========== [3/9] PATCH AUDIT ==========
AUDIT_PATCH_OK

========== [4/9] COMPILE ==========
AUDIT_COMPILE_OK

========== [5/9] IMPORT ==========
AUDIT_IMPORT_OK

========== [6/9] REAL AUDIT WRITE ==========
AUDIT_REAL_WRITE_CALL_OK
AUDIT_FILES_BEFORE=0
AUDIT_FILES_AFTER=1
================
2026-09-04T22:01:53.352043
ACTION=phase2-pass4
RESULT=success
DETAIL=audit real write test
AUDIT_REAL_WRITE_OK

========== [7/9] HASH ==========
4643fd9033cb32d628946005fc67777ebb92355605870cc8a8e82709bf13cd5a  /opt/config-location/app/control/audit.py
AUDIT_HASH_OK

========== [8/9] RERUN PHASE 2 FINAL REGRESSION ==========
================================================
 CONFIG LOCATION
 PHASE 2 FINAL REGRESSION
================================================

START=2026-09-04T22:01:53+00:00
HOST=serverprojects.ptr.network

========== [1/13] PRECHECK ==========
PRECHECK_OK

========== [2/13] BACKUP ==========
BACKUP_OK

========== [3/13] PERMISSIONS ==========
POLICY=root:root 640 /etc/config-location/control-policy.json
TOKEN=root:root 640 /etc/config-location/control-token
PERMISSIONS_OK

========== [4/13] POLICY VALIDATION ==========
POLICY_JSON_OK
allowed_services = ['config-location-panel.service']
allowed_actions = ['status', 'restart', 'system']

========== [5/13] TOKEN VALIDATION ==========
TOKEN_FORMAT_OK
TOKEN_LENGTH= 64

========== [6/13] PYTHON COMPILE ==========
CONTROL_COMPILE_OK

========== [7/13] IMPORT ==========
CONTROL_IMPORT_OK

========== [8/13] SECURITY ==========
CONTROL_SECURITY_OK

========== [9/13] EXECUTOR STATUS ==========
SERVICE_STATUS_RESULT= {'service': 'config-location-panel.service', 'state': 'active'}
EXECUTOR_STATUS_OK

========== [10/13] AUDIT ==========
AUDIT_CALL_OK
AUDIT_OK

========== [11/13] PANEL RUNTIME ==========
CHECK_1 ACTIVE=active LISTENING=0
CHECK_2 ACTIVE=active LISTENING=1
PANEL_READY

========== [12/13] HTTP / JOURNAL ==========
ROOT_HTTP=302
SETTINGS_HTTP=302
HTTP_JOURNAL_OK

========== [13/13] FINAL STATE ==========
active
LISTEN 0      128          0.0.0.0:4040      0.0.0.0:*    users:(("python",pid=1906335,fd=6))                                                                                                 
FINAL_CONTROL_SECURITY_OK

==============================================
 PHASE 2 FINAL REGRESSION: PASS
==============================================

==============================================
 FINAL RESULT
==============================================
RESULT=SUCCESS
END=2026-09-04T22:01:55+00:00
PHASE2_FINAL_REGRESSION_RERUN_OK

========== [9/9] FINAL VERIFY ==========
LATEST_REGRESSION_REPORT=/root/project-log/reports/phase2-final-regression-20260904-220153.txt
PHASE2_FINAL_REGRESSION_CONFIRMED_SUCCESS

================================================
 PHASE 2 PASS 4: SUCCESS
================================================

========== FINAL ==========
RESULT=SUCCESS
END=2026-09-04T22:01:58+00:00
