================================================
 PHASE 4 PASS 4
 PERMANENT SAFETY / REMOVAL WAITING
================================================

========== [1/10] PRECHECK ==========
PRECHECK_OK

========== [2/10] BACKUP ==========
BACKUP_OK

========== [3/10] STATE DIRECTORIES ==========
STATE_READY

========== [4/10] INSTALL WORKER ==========
WORKER_INSTALLED

========== [5/10] COMPILE + IMPORT ==========
COMPILE_IMPORT_OK
CANONICAL_CANDIDATES= 0
ROWS= 0

========== [6/10] SYSTEMD ==========
Created symlink '/etc/systemd/system/multi-user.target.wants/config-location-removal-wait.service' → '/etc/systemd/system/config-location-removal-wait.service'.
SYSTEMD_READY

========== [7/10] WAIT FIRST CYCLE ==========
CHECK_1 ACTIVE=active STATE= CYCLE=0
CHECK_2 ACTIVE=active STATE=idle CYCLE=1
FIRST_CYCLE_OK

========== [8/10] VALIDATE STATUS ==========
STATUS_VALID
STATE = idle
CYCLE = 1
CYCLE_SECONDS = 60
SNAPSHOT_SEMANTICALLY_STABLE = True
CANONICAL_FUTURE_CANDIDATES = 0
SAMPLE_CANDIDATES = 0
LIVE_SAFE_CANDIDATES = 0
ORPHAN_CANDIDATES = 0
CANDIDATE_MIN_CONSECUTIVE_UNHEALTHY = 8
TOTAL_CYCLES = 1
TOTAL_CANDIDATES_SEEN = 0
TOTAL_LIVE_CANDIDATES_SEEN = 0
TOTAL_ERRORS = 0
HARD_BOUNDARY= HT18.9_SHADOW_ONLY

========== [9/10] SERVICE HEALTH ==========
active
enabled
SERVICE_HEALTH_OK

========== [10/10] FINAL ==========
PERMANENT_WAITING_SERVICE=ACTIVE
BOOT_ENABLED=YES
CANONICAL_SAFETY_REGENERATION=YES
LIVE_RECONCILIATION=YES
STALE_ORPHAN_ENFORCEMENT=BLOCKED
PRODUCTION_DELETE=DISABLED
DELETE_FUNCTION=NONE
CONFIG_DELETE=NO
PHASE4_PASS4_SUCCESS
