================================================
 PHASE 1 PASS 8
 SETTINGS RENDERER INTEGRATION FIX
================================================
START=2026-09-04T15:15:18+00:00
HOST=serverprojects.ptr.network

========== PRECHECK ==========
PRECHECK_OK

========== BACKUP ==========
BACKUP_OK

========== CREATE SHARED RENDERER ==========
SHARED_RENDERER_CREATED

========== PATCH SETTINGS_UI ==========
SETTINGS_UI_RENDERER_IMPORT_OK

========== VERIFY PAGE REFERENCE ==========
8:from app.panel.page_renderer import page
678:    return page(

========== COMPILE ==========
  File "app/panel/settings_ui.py", line 8
    from app.panel.page_renderer import page
    ^^^^
SyntaxError: invalid syntax

========== FINAL ==========
RESULT=FAILED
END=2026-09-04T15:15:18+00:00
