================================================
 PHASE 1 PASS 7
 PANEL RUNTIME RECOVERY
================================================
START=2026-09-04T15:08:49+00:00
HOST=serverprojects.ptr.network

========== PRECHECK ==========
PRECHECK_OK

========== BACKUP ==========
BACKUP_OK

========== CURRENT FILE HASHES ==========
b52b258a52dd095c275c781f354282df947ac24c178c4cc9f3ccf3136582d32b  /opt/config-location/app/panel/server.py
7b2bb7da7671cf4150ff5d49a36c9855defdb7a17943b2b182d2d6012d800c38  /opt/config-location/app/panel/settings_ui.py

========== COMPILE CURRENT FILES ==========
CURRENT_COMPILE_OK

========== IMPORT CURRENT PANEL ==========
CURRENT_IMPORT_OK

========== SETTINGS ENGINE CHECK ==========
SETTINGS_ENGINE_OK
REVISION= 2
CHECKSUM= a1158cc2f8db48dc99925d1d6f97a6cc5bf70cc9f2b29d0a5c810a3d71fcd1a6

========== STOP SERVICE ==========

========== CHECK PORT CLEARED ==========
PORT_4040_CLEAR

========== START SERVICE ==========
CHECK_1 ACTIVE=active LISTENING=0
CHECK_2 ACTIVE=active LISTENING=1
PANEL_RUNTIME_READY

========== LISTENER ==========
LISTEN 0      128          0.0.0.0:4040       0.0.0.0:*    users:(("python",pid=1518565,fd=6))                                                                                                 

========== HTTP ROOT TEST ==========
ROOT_HTTP=302
ROOT_REACHABLE

========== HTTP SETTINGS TEST ==========
SETTINGS_HTTP=302
SETTINGS_REACHABLE

========== CURRENT JOURNAL FATAL CHECK ==========
NO_CURRENT_FATAL_ERRORS

========== FINAL SERVICE STATUS ==========
● config-location-panel.service - Config Location Management Panel
     Loaded: loaded (/etc/systemd/system/config-location-panel.service; enabled; preset: enabled)
    Drop-In: /etc/systemd/system/config-location-panel.service.d
             └─99-final.conf
     Active: active (running) since Fri 2026-09-04 15:08:52 UTC; 1s ago
 Invocation: f5c9768d233f423399d3f431bdd8176f
   Main PID: 1518565 (python)
      Tasks: 1 (limit: 8077)
     Memory: 28.6M (peak: 28.6M)
        CPU: 315ms
     CGroup: /system.slice/config-location-panel.service
             └─1518565 /opt/config-location/venv/bin/python -m app.panel.server

Sep 04 15:08:52 serverprojects.ptr.network systemd[1]: Started config-location-panel.service - Config Location Management Panel.

========== FINAL PORT CHECK ==========
LISTEN 0      128          0.0.0.0:4040       0.0.0.0:*    users:(("python",pid=1518565,fd=6))                                                                                                 

PHASE1_PASS7_SUCCESS

========== FINAL ==========
RESULT=SUCCESS
END=2026-09-04T15:08:53+00:00
