================================================
 PHASE 4 PASS 5
 REMOVAL EXECUTION + ROLLBACK CONTRACT
================================================

========== [1/10] PRECHECK ==========
PRECHECK_OK

========== [2/10] BACKUP ==========
BACKUP_OK

========== [3/10] INSTALL EXECUTOR CONTRACT ==========
EXECUTOR_CONTRACT_INSTALLED

========== [4/10] STATIC DESTRUCTIVE GUARD ==========
AST_DESTRUCTIVE_GUARD_OK
NO_DESTRUCTIVE_PRIMITIVES=YES

========== [5/10] COMPILE + IMPORT ==========
IMPORT_PLAN_OK
STATE= WAITING_NO_CANDIDATE

========== [6/10] BUILD CURRENT PLAN ==========
{
  "mode": "dry_run",
  "state": "WAITING_NO_CANDIDATE",
  "production_delete": false,
  "delete_performed": false,
  "candidate": null,
  "generated_at": "2026-09-04T23:21:52.702460+00:00"
}

========== [7/10] VALIDATE CONTRACT ==========
ROLLBACK_CONTRACT_VALID
STATE= WAITING_NO_CANDIDATE
LIVE_CANDIDATE=NONE
EXPECTED_WAITING_STATE=YES

========== [8/10] REFERENTIAL GUARD ==========
reconcile_one_orphan exists= True signature= (config_id: 'str', *, reason: 'str' = 'periodic_orphan_sweep') -> 'dict[str, Any]'
sweep_orphans exists= True signature= (*, max_items: 'int' = 5000) -> 'dict[str, Any]'
REFERENTIAL_GUARD_INSPECTED

========== [9/10] SERVICES ==========
active
active
SERVICE_RESTART=NONE

========== [10/10] FINAL ==========
REMOVAL_EXECUTION_ARCHITECTURE=READY
ROLLBACK_CONTRACT=READY
FINAL_REVALIDATION=REQUIRED
EXCLUSIVE_LOCK=REQUIRED
BACKUP_BEFORE_DELETE=REQUIRED
HASH_VERIFICATION=REQUIRED
REFERENTIAL_GUARD=REQUIRED
PRODUCTION_DELETE=DISABLED
DELETE_PERFORMED=NO
DESTRUCTIVE_PRIMITIVES=NONE

PHASE4_PASS5_SUCCESS
