================================================
 PHASE 3 FINAL
 INTEGRATION / REGRESSION TEST
================================================

========== [1/12] PRECHECK ==========
PRECHECK_OK

========== [2/12] COMPILE ==========
COMPILE_OK

========== [3/12] SERVICE ==========
ACTIVE=active
ENABLED=enabled
SYSTEMD_OK

========== [4/12] SETTINGS CONTRACT ==========
Traceback (most recent call last):
  File "<stdin>", line 22, in <module>
AssertionError

================================================
 FINAL RESULT
================================================
RESULT=FAILED
END=2026-09-04T22:54:29+00:00
